[2020-10-24T23:33:40.685-0300][0.003s][warning][gc] -XX:+PrintGCDetails is deprecated. Will use -Xlog:gc* instead.
[2020-10-24T23:33:40.691-0300][0.010s][debug  ][gc] ConcGCThreads: 3 offset 22
[2020-10-24T23:33:40.691-0300][0.010s][debug  ][gc] ParallelGCThreads: 10
[2020-10-24T23:33:40.691-0300][0.010s][debug  ][gc] Initialize mark stack with 4096 chunks, maximum 16384
[2020-10-24T23:33:40.692-0300][0.011s][info   ][gc] Using G1
[2020-10-24T23:33:48.175-0300][7.493s][info   ][gc] GC(0) Pause Young (Normal) (G1 Evacuation Pause) 23M->17M(128M) 16.966ms
[2020-10-24T23:33:49.338-0300][8.656s][info   ][gc] GC(1) Pause Young (Normal) (G1 Evacuation Pause) 21M->19M(128M) 4.742ms
[2020-10-24T23:34:03.193-0300][22.512s][info   ][gc] GC(2) Pause Young (Normal) (G1 Evacuation Pause) 37M->31M(128M) 12.908ms
[2020-10-24T23:34:22.116-0300][41.434s][info   ][gc] GC(3) Pause Young (Normal) (G1 Evacuation Pause) 45M->44M(128M) 14.056ms
[2020-10-24T23:35:07.669-0300][86.986s][info   ][gc] GC(4) Pause Young (Normal) (G1 Evacuation Pause) 67M->62M(128M) 26.117ms
[2020-10-24T23:36:19.827-0300][159.141s][info   ][gc] GC(5) Pause Young (Concurrent Start) (G1 Evacuation Pause) 80M->73M(128M) 23.493ms
[2020-10-24T23:36:19.827-0300][159.141s][info   ][gc] GC(6) Concurrent Cycle
[2020-10-24T23:36:19.877-0300][159.192s][debug  ][gc] GC(6) Reclaimed 29 empty regions
[2020-10-24T23:36:19.878-0300][159.193s][info   ][gc] GC(6) Pause Remark 73M->44M(128M) 2.198ms
[2020-10-24T23:36:19.906-0300][159.220s][info   ][gc] GC(6) Pause Cleanup 44M->44M(128M) 0.053ms
[2020-10-24T23:36:19.906-0300][159.221s][info   ][gc] GC(6) Concurrent Cycle 79.823ms
[2020-10-24T23:37:31.958-0300][231.271s][info   ][gc] GC(7) Pause Young (Prepare Mixed) (G1 Evacuation Pause) 59M->52M(128M) 15.694ms
[2020-10-24T23:37:47.021-0300][246.334s][info   ][gc] GC(8) Pause Young (Mixed) (G1 Evacuation Pause) 66M->61M(128M) 12.000ms
[2020-10-24T23:39:32.805-0300][352.116s][info   ][gc] GC(9) Pause Young (Concurrent Start) (G1 Evacuation Pause) 80M->69M(128M) 15.607ms
[2020-10-24T23:39:32.806-0300][352.116s][info   ][gc] GC(10) Concurrent Cycle
[2020-10-24T23:39:32.854-0300][352.165s][debug  ][gc] GC(10) Reclaimed 10 empty regions
[2020-10-24T23:39:32.855-0300][352.165s][info   ][gc] GC(10) Pause Remark 70M->60M(128M) 2.078ms
[2020-10-24T23:39:32.905-0300][352.215s][info   ][gc] GC(10) Pause Cleanup 60M->60M(128M) 0.051ms
[2020-10-24T23:39:32.906-0300][352.216s][info   ][gc] GC(10) Concurrent Cycle 99.968ms
[2020-10-24T23:41:20.436-0300][459.743s][info   ][gc] GC(11) Pause Young (Prepare Mixed) (G1 Evacuation Pause) 76M->67M(128M) 17.949ms
[2020-10-24T23:41:41.133-0300][480.440s][info   ][gc] GC(12) Pause Young (Mixed) (G1 Evacuation Pause) 70M->60M(128M) 13.979ms
[2020-10-24T23:44:10.611-0300][629.941s][info   ][gc] GC(13) Pause Young (Concurrent Start) (G1 Evacuation Pause) 81M->68M(128M) 15.881ms
[2020-10-24T23:44:10.611-0300][629.942s][info   ][gc] GC(14) Concurrent Cycle
[2020-10-24T23:44:10.702-0300][630.033s][debug  ][gc] GC(14) Reclaimed 3 empty regions
[2020-10-24T23:44:10.702-0300][630.033s][info   ][gc] GC(14) Pause Remark 68M->65M(128M) 2.051ms
[2020-10-24T23:44:10.756-0300][630.087s][info   ][gc] GC(14) Pause Cleanup 65M->65M(128M) 0.052ms
[2020-10-24T23:44:10.757-0300][630.087s][info   ][gc] GC(14) Concurrent Cycle 145.932ms
[2020-10-24T23:46:40.124-0300][779.451s][info   ][gc] GC(15) Pause Young (Prepare Mixed) (G1 Evacuation Pause) 101M->88M(128M) 25.556ms
[2020-10-24T23:47:01.968-0300][801.295s][info   ][gc] GC(16) Pause Young (Mixed) (G1 Evacuation Pause) 91M->83M(128M) 21.052ms
[2020-10-24T23:48:49.414-0300][908.738s][info   ][gc] GC(17) Pause Young (Concurrent Start) (G1 Evacuation Pause) 97M->88M(128M) 12.137ms
[2020-10-24T23:48:49.414-0300][908.738s][info   ][gc] GC(18) Concurrent Cycle
[2020-10-24T23:48:49.477-0300][908.800s][debug  ][gc] GC(18) Reclaimed 11 empty regions
[2020-10-24T23:48:49.477-0300][908.801s][info   ][gc] GC(18) Pause Remark 88M->77M(128M) 1.990ms
[2020-10-24T23:48:49.535-0300][908.859s][info   ][gc] GC(18) Pause Cleanup 77M->77M(128M) 0.056ms
[2020-10-24T23:48:49.536-0300][908.859s][info   ][gc] GC(18) Concurrent Cycle 121.459ms
[2020-10-24T23:50:16.324-0300][995.645s][info   ][gc] GC(19) Pause Young (Prepare Mixed) (G1 Evacuation Pause) 89M->81M(128M) 13.292ms
[2020-10-24T23:50:47.041-0300][1026.362s][info   ][gc] GC(20) Pause Young (Mixed) (G1 Evacuation Pause) 85M->75M(128M) 14.687ms
[2020-10-24T23:52:58.242-0300][1157.560s][info   ][gc] GC(21) Pause Young (Concurrent Start) (G1 Evacuation Pause) 92M->80M(128M) 12.042ms
[2020-10-24T23:52:58.242-0300][1157.560s][info   ][gc] GC(22) Concurrent Cycle
[2020-10-24T23:52:58.306-0300][1157.624s][info   ][gc] GC(22) Pause Remark 80M->80M(128M) 1.916ms
[2020-10-24T23:52:58.360-0300][1157.678s][info   ][gc] GC(22) Pause Cleanup 80M->80M(128M) 0.055ms
[2020-10-24T23:52:58.361-0300][1157.678s][info   ][gc] GC(22) Concurrent Cycle 118.414ms
[2020-10-24T23:55:02.276-0300][1281.590s][info   ][gc] GC(23) Pause Young (Prepare Mixed) (G1 Evacuation Pause) 96M->85M(128M) 16.036ms
[2020-10-24T23:55:25.391-0300][1304.705s][info   ][gc] GC(24) Pause Young (Mixed) (G1 Evacuation Pause) 88M->80M(128M) 16.284ms
[2020-10-24T23:57:36.479-0300][1435.789s][info   ][gc] GC(25) Pause Young (Concurrent Start) (G1 Evacuation Pause) 96M->85M(128M) 11.666ms
[2020-10-24T23:57:36.479-0300][1435.789s][info   ][gc] GC(26) Concurrent Cycle
[2020-10-24T23:57:36.539-0300][1435.849s][info   ][gc] GC(26) Pause Remark 85M->85M(128M) 2.041ms
[2020-10-24T23:57:36.583-0300][1435.894s][info   ][gc] GC(26) Pause Cleanup 85M->85M(128M) 0.104ms
[2020-10-24T23:57:36.584-0300][1435.894s][info   ][gc] GC(26) Concurrent Cycle 104.753ms
[2020-10-24T23:59:32.334-0300][1551.641s][info   ][gc] GC(27) Pause Young (Prepare Mixed) (G1 Evacuation Pause) 100M->90M(128M) 15.566ms
[2020-10-24T23:59:55.588-0300][1574.895s][info   ][gc] GC(28) Pause Young (Mixed) (G1 Evacuation Pause) 93M->86M(128M) 14.777ms
[2020-10-25T00:01:54.934-0300][1694.237s][info   ][gc] GC(29) Pause Young (Concurrent Start) (G1 Evacuation Pause) 100M->90M(128M) 11.568ms
[2020-10-25T00:01:54.934-0300][1694.238s][info   ][gc] GC(30) Concurrent Cycle
[2020-10-25T00:01:55.002-0300][1694.306s][info   ][gc] GC(30) Pause Remark 90M->90M(128M) 1.956ms
[2020-10-25T00:01:55.039-0300][1694.342s][info   ][gc] GC(30) Pause Cleanup 90M->90M(128M) 0.089ms
[2020-10-25T00:01:55.039-0300][1694.343s][info   ][gc] GC(30) Concurrent Cycle 105.114ms
[2020-10-25T00:03:41.832-0300][1801.132s][info   ][gc] GC(31) Pause Young (Prepare Mixed) (G1 Evacuation Pause) 103M->94M(128M) 16.172ms
[2020-10-25T00:04:14.098-0300][1833.398s][info   ][gc] GC(32) Pause Young (Mixed) (G1 Evacuation Pause) 98M->89M(128M) 21.190ms
[2020-10-25T00:04:29.091-0300][1848.390s][info   ][gc] GC(33) Pause Young (Concurrent Start) (G1 Humongous Allocation) 91M->89M(128M) 9.611ms
[2020-10-25T00:04:29.095-0300][1848.394s][info   ][gc] GC(34) Concurrent Cycle
[2020-10-25T00:04:29.180-0300][1848.479s][info   ][gc] GC(34) Pause Remark 113M->113M(128M) 1.171ms
[2020-10-25T00:04:29.241-0300][1848.541s][info   ][gc] GC(34) Pause Cleanup 113M->113M(128M) 0.076ms
[2020-10-25T00:04:29.242-0300][1848.541s][info   ][gc] GC(34) Concurrent Cycle 146.976ms
[2020-10-25T00:05:57.428-0300][1936.726s][info   ][gc] GC(35) Pause Young (Prepare Mixed) (G1 Evacuation Pause) 123M->115M(128M) 15.947ms
[2020-10-25T00:06:33.076-0300][1972.373s][info   ][gc] GC(36) Pause Young (Mixed) (G1 Evacuation Pause) 119M->115M(128M) 14.724ms
[2020-10-25T00:07:13.862-0300][2013.157s][info   ][gc] GC(37) Pause Young (Concurrent Start) (G1 Evacuation Pause) 120M->116M(128M) 10.204ms
[2020-10-25T00:07:13.862-0300][2013.157s][info   ][gc] GC(38) Concurrent Cycle
[2020-10-25T00:07:13.937-0300][2013.233s][debug  ][gc] GC(38) Reclaimed 16 empty regions
[2020-10-25T00:07:13.938-0300][2013.233s][info   ][gc] GC(38) Pause Remark 116M->100M(128M) 1.818ms
[2020-10-25T00:07:13.979-0300][2013.274s][info   ][gc] GC(38) Pause Cleanup 100M->100M(128M) 0.061ms
[2020-10-25T00:07:13.979-0300][2013.274s][info   ][gc] GC(38) Concurrent Cycle 117.156ms
[2020-10-25T00:07:52.363-0300][2051.657s][info   ][gc] GC(39) Pause Young (Prepare Mixed) (G1 Evacuation Pause) 105M->101M(128M) 12.828ms
[2020-10-25T00:08:36.048-0300][2095.341s][info   ][gc] GC(40) Pause Young (Mixed) (G1 Evacuation Pause) 106M->101M(128M) 16.095ms
[2020-10-25T00:09:26.277-0300][2145.569s][info   ][gc] GC(41) Pause Young (Concurrent Start) (G1 Evacuation Pause) 107M->103M(128M) 11.626ms
[2020-10-25T00:09:26.277-0300][2145.569s][info   ][gc] GC(42) Concurrent Cycle
[2020-10-25T00:09:26.354-0300][2145.646s][info   ][gc] GC(42) Pause Remark 103M->103M(128M) 1.831ms
[2020-10-25T00:09:26.397-0300][2145.688s][info   ][gc] GC(42) Pause Cleanup 103M->103M(128M) 0.058ms
[2020-10-25T00:09:26.397-0300][2145.689s][info   ][gc] GC(42) Concurrent Cycle 120.100ms
[2020-10-25T00:10:05.932-0300][2185.223s][info   ][gc] GC(43) Pause Young (Prepare Mixed) (G1 Evacuation Pause) 108M->104M(128M) 13.743ms
[2020-10-25T00:10:45.896-0300][2225.186s][info   ][gc] GC(44) Pause Young (Mixed) (G1 Evacuation Pause) 109M->102M(128M) 17.903ms
[2020-10-25T00:11:28.335-0300][2267.624s][info   ][gc] GC(45) Pause Young (Concurrent Start) (G1 Evacuation Pause) 107M->104M(128M) 11.572ms
[2020-10-25T00:11:28.335-0300][2267.624s][info   ][gc] GC(46) Concurrent Cycle
[2020-10-25T00:11:28.422-0300][2267.710s][info   ][gc] GC(46) Pause Remark 104M->104M(128M) 1.905ms
[2020-10-25T00:11:28.467-0300][2267.755s][info   ][gc] GC(46) Pause Cleanup 104M->104M(128M) 0.059ms
[2020-10-25T00:11:28.467-0300][2267.756s][info   ][gc] GC(46) Concurrent Cycle 131.464ms
[2020-10-25T00:12:07.089-0300][2306.376s][info   ][gc] GC(47) Pause Young (Prepare Mixed) (G1 Evacuation Pause) 109M->105M(128M) 13.843ms
[2020-10-25T00:12:51.122-0300][2350.408s][info   ][gc] GC(48) Pause Young (Mixed) (G1 Evacuation Pause) 110M->104M(128M) 15.640ms
[2020-10-25T00:13:32.953-0300][2392.239s][info   ][gc] GC(49) Pause Young (Concurrent Start) (G1 Evacuation Pause) 109M->105M(128M) 11.371ms
[2020-10-25T00:13:32.953-0300][2392.239s][info   ][gc] GC(50) Concurrent Cycle
[2020-10-25T00:13:33.080-0300][2392.365s][info   ][gc] GC(50) Pause Remark 105M->105M(128M) 1.361ms
[2020-10-25T00:13:33.126-0300][2392.412s][info   ][gc] GC(50) Pause Cleanup 105M->105M(128M) 0.069ms
[2020-10-25T00:13:33.127-0300][2392.412s][info   ][gc] GC(50) Concurrent Cycle 173.238ms
[2020-10-25T00:14:14.703-0300][2433.987s][info   ][gc] GC(51) Pause Young (Prepare Mixed) (G1 Evacuation Pause) 110M->106M(128M) 13.794ms
[2020-10-25T00:14:56.911-0300][2476.195s][info   ][gc] GC(52) Pause Young (Mixed) (G1 Evacuation Pause) 111M->106M(128M) 16.580ms
[2020-10-25T00:15:39.456-0300][2518.739s][info   ][gc] GC(53) Pause Young (Concurrent Start) (G1 Evacuation Pause) 111M->107M(128M) 11.320ms
[2020-10-25T00:15:39.456-0300][2518.739s][info   ][gc] GC(54) Concurrent Cycle
[2020-10-25T00:15:39.577-0300][2518.860s][info   ][gc] GC(54) Pause Remark 108M->108M(128M) 1.770ms
[2020-10-25T00:15:39.624-0300][2518.906s][info   ][gc] GC(54) Pause Cleanup 108M->108M(128M) 0.081ms
[2020-10-25T00:15:39.624-0300][2518.906s][info   ][gc] GC(54) Concurrent Cycle 167.550ms
[2020-10-25T00:16:23.976-0300][2563.258s][info   ][gc] GC(55) Pause Young (Prepare Mixed) (G1 Evacuation Pause) 112M->109M(128M) 13.955ms
[2020-10-25T00:17:07.866-0300][2607.146s][info   ][gc] GC(56) Pause Young (Mixed) (G1 Evacuation Pause) 114M->108M(128M) 17.040ms
[2020-10-25T00:17:51.183-0300][2650.462s][info   ][gc] GC(57) Pause Young (Concurrent Start) (G1 Evacuation Pause) 113M->109M(128M) 11.709ms
[2020-10-25T00:17:51.183-0300][2650.462s][info   ][gc] GC(58) Concurrent Cycle
[2020-10-25T00:17:51.275-0300][2650.554s][info   ][gc] GC(58) Pause Remark 109M->109M(128M) 1.638ms
[2020-10-25T00:17:51.326-0300][2650.605s][info   ][gc] GC(58) Pause Cleanup 109M->109M(128M) 0.076ms
[2020-10-25T00:17:51.326-0300][2650.605s][info   ][gc] GC(58) Concurrent Cycle 142.371ms
[2020-10-25T00:18:31.968-0300][2691.246s][info   ][gc] GC(59) Pause Young (Prepare Mixed) (G1 Evacuation Pause) 114M->111M(128M) 15.072ms
[2020-10-25T00:19:15.520-0300][2734.797s][info   ][gc] GC(60) Pause Young (Mixed) (G1 Evacuation Pause) 116M->109M(128M) 19.959ms
[2020-10-25T00:19:57.337-0300][2776.622s][info   ][gc] GC(61) Pause Young (Concurrent Start) (G1 Evacuation Pause) 114M->110M(128M) 11.973ms
[2020-10-25T00:19:57.337-0300][2776.622s][info   ][gc] GC(62) Concurrent Cycle
[2020-10-25T00:19:57.429-0300][2776.715s][info   ][gc] GC(62) Pause Remark 110M->110M(128M) 1.847ms
[2020-10-25T00:19:57.477-0300][2776.762s][info   ][gc] GC(62) Pause Cleanup 110M->110M(128M) 0.075ms
[2020-10-25T00:19:57.477-0300][2776.763s][info   ][gc] GC(62) Concurrent Cycle 140.367ms
[2020-10-25T00:20:36.050-0300][2815.355s][info   ][gc] GC(63) Pause Young (Prepare Mixed) (G1 Evacuation Pause) 115M->112M(128M) 14.907ms
[2020-10-25T00:21:21.993-0300][2861.299s][info   ][gc] GC(64) Pause Young (Mixed) (G1 Evacuation Pause) 117M->111M(128M) 16.374ms
[2020-10-25T00:22:05.689-0300][2904.994s][info   ][gc] GC(65) Pause Young (Concurrent Start) (G1 Evacuation Pause) 116M->113M(128M) 11.574ms
[2020-10-25T00:22:05.689-0300][2904.994s][info   ][gc] GC(66) Concurrent Cycle
[2020-10-25T00:22:05.779-0300][2905.084s][info   ][gc] GC(66) Pause Remark 113M->113M(128M) 1.796ms
[2020-10-25T00:22:05.840-0300][2905.146s][info   ][gc] GC(66) Pause Cleanup 113M->113M(128M) 0.078ms
[2020-10-25T00:22:05.841-0300][2905.146s][info   ][gc] GC(66) Concurrent Cycle 151.870ms
[2020-10-25T00:22:49.389-0300][2948.693s][info   ][gc] GC(67) Pause Young (Prepare Mixed) (G1 Evacuation Pause) 118M->114M(128M) 14.971ms
[2020-10-25T00:23:34.397-0300][2993.700s][info   ][gc] GC(68) Pause Young (Mixed) (G1 Evacuation Pause) 119M->113M(128M) 18.865ms
[2020-10-25T00:24:18.551-0300][3037.853s][info   ][gc] GC(69) Pause Young (Concurrent Start) (G1 Evacuation Pause) 118M->114M(128M) 12.528ms
[2020-10-25T00:24:18.551-0300][3037.853s][info   ][gc] GC(70) Concurrent Cycle
[2020-10-25T00:24:18.647-0300][3037.949s][info   ][gc] GC(70) Pause Remark 114M->114M(128M) 1.934ms
[2020-10-25T00:24:18.697-0300][3037.999s][info   ][gc] GC(70) Pause Cleanup 114M->114M(128M) 0.080ms
[2020-10-25T00:24:18.697-0300][3037.999s][info   ][gc] GC(70) Concurrent Cycle 146.056ms
[2020-10-25T00:25:00.146-0300][3079.447s][info   ][gc] GC(71) Pause Young (Prepare Mixed) (G1 Evacuation Pause) 119M->115M(128M) 15.611ms
[2020-10-25T00:25:44.157-0300][3123.457s][info   ][gc] GC(72) Pause Young (Mixed) (G1 Evacuation Pause) 120M->115M(128M) 17.956ms
[2020-10-25T00:26:28.895-0300][3168.194s][info   ][gc] GC(73) Pause Young (Concurrent Start) (G1 Evacuation Pause) 120M->116M(128M) 12.676ms
[2020-10-25T00:26:28.895-0300][3168.194s][info   ][gc] GC(74) Concurrent Cycle
[2020-10-25T00:26:28.991-0300][3168.289s][info   ][gc] GC(74) Pause Remark 116M->116M(128M) 1.778ms
[2020-10-25T00:26:29.044-0300][3168.342s][info   ][gc] GC(74) Pause Cleanup 116M->116M(128M) 0.081ms
[2020-10-25T00:26:29.044-0300][3168.343s][info   ][gc] GC(74) Concurrent Cycle 148.801ms
[2020-10-25T00:27:14.800-0300][3214.097s][info   ][gc] GC(75) Pause Young (Prepare Mixed) (G1 Evacuation Pause) 121M->117M(128M) 16.521ms
[2020-10-25T00:27:59.453-0300][3258.749s][info   ][gc] GC(76) Pause Young (Mixed) (G1 Evacuation Pause) 122M->116M(128M) 17.967ms
[2020-10-25T00:28:45.451-0300][3304.746s][info   ][gc] GC(77) Pause Young (Concurrent Start) (G1 Evacuation Pause) 121M->118M(128M) 13.029ms
[2020-10-25T00:28:45.451-0300][3304.746s][info   ][gc] GC(78) Concurrent Cycle
[2020-10-25T00:28:45.601-0300][3304.897s][info   ][gc] GC(78) Pause Remark 118M->118M(128M) 1.744ms
[2020-10-25T00:28:45.658-0300][3304.953s][info   ][gc] GC(78) Pause Cleanup 118M->118M(128M) 0.095ms
[2020-10-25T00:28:45.658-0300][3304.953s][info   ][gc] GC(78) Concurrent Cycle 206.705ms
[2020-10-25T00:29:30.182-0300][3349.476s][info   ][gc] GC(79) Pause Young (Prepare Mixed) (G1 Evacuation Pause) 123M->119M(128M) 15.525ms
[2020-10-25T00:30:15.159-0300][3394.452s][info   ][gc] GC(80) To-space exhausted
[2020-10-25T00:30:15.159-0300][3394.452s][info   ][gc] GC(80) Pause Young (Mixed) (G1 Evacuation Pause) 124M->119M(128M) 19.068ms
[2020-10-25T00:31:01.149-0300][3440.441s][info   ][gc] GC(81) Pause Young (Concurrent Start) (G1 Evacuation Pause) 124M->120M(128M) 13.144ms
[2020-10-25T00:31:01.149-0300][3440.441s][info   ][gc] GC(82) Concurrent Cycle
[2020-10-25T00:31:01.288-0300][3440.580s][info   ][gc] GC(82) Pause Remark 120M->120M(128M) 1.832ms
[2020-10-25T00:31:01.341-0300][3440.633s][info   ][gc] GC(82) Pause Cleanup 120M->120M(128M) 0.093ms
[2020-10-25T00:31:01.341-0300][3440.633s][info   ][gc] GC(82) Concurrent Cycle 192.169ms
[2020-10-25T00:31:47.003-0300][3486.294s][info   ][gc] GC(83) Pause Young (Prepare Mixed) (G1 Evacuation Pause) 125M->121M(128M) 16.058ms
[2020-10-25T00:32:32.093-0300][3531.383s][info   ][gc] GC(84) To-space exhausted
[2020-10-25T00:32:32.093-0300][3531.383s][info   ][gc] GC(84) Pause Young (Mixed) (G1 Evacuation Pause) 126M->126M(128M) 21.598ms
[2020-10-25T00:32:50.798-0300][3550.087s][info   ][gc] GC(85) To-space exhausted
[2020-10-25T00:32:50.798-0300][3550.087s][info   ][gc] GC(85) Pause Young (Concurrent Start) (G1 Evacuation Pause) 128M->128M(128M) 16.959ms
[2020-10-25T00:32:50.798-0300][3550.087s][info   ][gc] GC(87) Concurrent Cycle
[2020-10-25T00:32:50.798-0300][3550.087s][debug  ][gc] GC(86) Clear Next Bitmap 0.150ms
[2020-10-25T00:32:50.902-0300][3550.191s][info   ][gc] GC(86) Pause Full (G1 Evacuation Pause) 128M->109M(128M) 104.193ms
[2020-10-25T00:32:50.903-0300][3550.192s][info   ][gc] GC(87) Concurrent Cycle 104.407ms
[2020-10-25T00:33:40.857-0300][3600.145s][info   ][gc] GC(88) Pause Young (Normal) (G1 Evacuation Pause) 115M->110M(128M) 12.159ms
[2020-10-25T00:34:23.005-0300][3642.292s][info   ][gc] GC(89) Pause Young (Concurrent Start) (G1 Evacuation Pause) 115M->111M(128M) 12.290ms
[2020-10-25T00:34:23.005-0300][3642.292s][info   ][gc] GC(90) Concurrent Cycle
[2020-10-25T00:34:23.106-0300][3642.392s][info   ][gc] GC(90) Pause Remark 111M->111M(128M) 1.287ms
[2020-10-25T00:34:23.157-0300][3642.444s][info   ][gc] GC(90) Pause Cleanup 111M->111M(128M) 0.065ms
[2020-10-25T00:34:23.157-0300][3642.444s][info   ][gc] GC(90) Concurrent Cycle 152.408ms
[2020-10-25T00:35:04.172-0300][3683.457s][info   ][gc] GC(91) Pause Young (Normal) (G1 Evacuation Pause) 116M->112M(128M) 13.303ms
[2020-10-25T00:35:49.348-0300][3728.632s][info   ][gc] GC(92) Pause Young (Concurrent Start) (G1 Evacuation Pause) 117M->113M(128M) 13.194ms
[2020-10-25T00:35:49.348-0300][3728.632s][info   ][gc] GC(93) Concurrent Cycle
[2020-10-25T00:35:49.446-0300][3728.731s][info   ][gc] GC(93) Pause Remark 113M->113M(128M) 1.783ms
[2020-10-25T00:35:49.501-0300][3728.786s][info   ][gc] GC(93) Pause Cleanup 113M->113M(128M) 0.090ms
[2020-10-25T00:35:49.501-0300][3728.786s][info   ][gc] GC(93) Concurrent Cycle 153.579ms
[2020-10-25T00:36:32.851-0300][3772.134s][info   ][gc] GC(94) Pause Young (Normal) (G1 Evacuation Pause) 118M->114M(128M) 13.802ms
[2020-10-25T00:37:15.998-0300][3815.280s][info   ][gc] GC(95) Pause Young (Concurrent Start) (G1 Evacuation Pause) 119M->115M(128M) 14.372ms
[2020-10-25T00:37:15.998-0300][3815.280s][info   ][gc] GC(96) Concurrent Cycle
[2020-10-25T00:37:16.101-0300][3815.384s][info   ][gc] GC(96) Pause Remark 115M->115M(128M) 1.853ms
[2020-10-25T00:37:16.157-0300][3815.439s][info   ][gc] GC(96) Pause Cleanup 115M->115M(128M) 0.078ms
[2020-10-25T00:37:16.157-0300][3815.440s][info   ][gc] GC(96) Concurrent Cycle 159.377ms
[2020-10-25T00:37:54.254-0300][3853.535s][info   ][gc] GC(97) Pause Young (Normal) (G1 Evacuation Pause) 120M->116M(128M) 15.437ms
[2020-10-25T00:38:37.915-0300][3897.196s][info   ][gc] GC(98) Pause Young (Concurrent Start) (G1 Evacuation Pause) 121M->116M(128M) 14.672ms
[2020-10-25T00:38:37.915-0300][3897.196s][info   ][gc] GC(99) Concurrent Cycle
[2020-10-25T00:38:38.023-0300][3897.304s][info   ][gc] GC(99) Pause Remark 116M->116M(128M) 1.768ms
[2020-10-25T00:38:38.084-0300][3897.365s][info   ][gc] GC(99) Pause Cleanup 116M->116M(128M) 0.098ms
[2020-10-25T00:38:38.085-0300][3897.365s][info   ][gc] GC(99) Concurrent Cycle 169.634ms
[2020-10-25T00:39:21.868-0300][3941.147s][info   ][gc] GC(100) Pause Young (Normal) (G1 Evacuation Pause) 121M->117M(128M) 16.904ms
[2020-10-25T00:40:06.716-0300][3985.994s][info   ][gc] GC(101) Pause Young (Concurrent Start) (G1 Evacuation Pause) 122M->118M(128M) 15.757ms
[2020-10-25T00:40:06.716-0300][3985.995s][info   ][gc] GC(102) Concurrent Cycle
[2020-10-25T00:40:06.847-0300][3986.125s][info   ][gc] GC(102) Pause Remark 118M->118M(128M) 2.257ms
[2020-10-25T00:40:06.913-0300][3986.191s][info   ][gc] GC(102) Pause Cleanup 118M->118M(128M) 0.087ms
[2020-10-25T00:40:06.913-0300][3986.192s][info   ][gc] GC(102) Concurrent Cycle 196.911ms
[2020-10-25T00:40:49.207-0300][4028.484s][info   ][gc] GC(103) Pause Young (Normal) (G1 Evacuation Pause) 123M->119M(128M) 14.496ms
[2020-10-25T00:41:36.531-0300][4075.807s][info   ][gc] GC(104) Pause Young (Concurrent Start) (G1 Evacuation Pause) 124M->119M(128M) 14.353ms
[2020-10-25T00:41:36.531-0300][4075.807s][info   ][gc] GC(105) Concurrent Cycle
[2020-10-25T00:41:36.694-0300][4075.969s][info   ][gc] GC(105) Pause Remark 120M->120M(128M) 2.830ms
[2020-10-25T00:41:36.773-0300][4076.049s][info   ][gc] GC(105) Pause Cleanup 120M->120M(128M) 0.188ms
[2020-10-25T00:41:36.774-0300][4076.050s][info   ][gc] GC(105) Concurrent Cycle 243.130ms
[2020-10-25T00:42:22.811-0300][4122.086s][info   ][gc] GC(106) To-space exhausted
[2020-10-25T00:42:22.811-0300][4122.086s][info   ][gc] GC(106) Pause Young (Normal) (G1 Evacuation Pause) 124M->120M(128M) 16.022ms
[2020-10-25T00:43:08.305-0300][4167.579s][info   ][gc] GC(107) To-space exhausted
[2020-10-25T00:43:08.305-0300][4167.579s][info   ][gc] GC(107) Pause Young (Concurrent Start) (G1 Evacuation Pause) 125M->125M(128M) 19.254ms
[2020-10-25T00:43:08.305-0300][4167.579s][info   ][gc] GC(109) Concurrent Cycle
[2020-10-25T00:43:08.305-0300][4167.579s][debug  ][gc] GC(108) Clear Next Bitmap 0.123ms
[2020-10-25T00:43:08.422-0300][4167.695s][info   ][gc] GC(108) Pause Full (G1 Evacuation Pause) 125M->114M(128M) 116.373ms
[2020-10-25T00:43:08.422-0300][4167.695s][info   ][gc] GC(109) Concurrent Cycle 116.637ms
[2020-10-25T00:43:54.197-0300][4213.469s][info   ][gc] GC(110) Pause Young (Normal) (G1 Evacuation Pause) 120M->115M(128M) 15.605ms
[2020-10-25T00:44:38.838-0300][4258.110s][info   ][gc] GC(111) Pause Young (Concurrent Start) (G1 Evacuation Pause) 120M->116M(128M) 15.120ms
[2020-10-25T00:44:38.838-0300][4258.110s][info   ][gc] GC(112) Concurrent Cycle
[2020-10-25T00:44:38.998-0300][4258.269s][info   ][gc] GC(112) Pause Remark 116M->116M(128M) 1.218ms
[2020-10-25T00:44:39.067-0300][4258.338s][info   ][gc] GC(112) Pause Cleanup 116M->116M(128M) 0.276ms
[2020-10-25T00:44:39.068-0300][4258.340s][info   ][gc] GC(112) Concurrent Cycle 229.901ms
[2020-10-25T00:45:19.175-0300][4298.445s][info   ][gc] GC(113) Pause Young (Normal) (G1 Evacuation Pause) 121M->117M(128M) 14.732ms
[2020-10-25T00:46:02.668-0300][4341.938s][info   ][gc] GC(114) Pause Young (Concurrent Start) (G1 Evacuation Pause) 122M->117M(128M) 13.891ms
[2020-10-25T00:46:02.668-0300][4341.938s][info   ][gc] GC(115) Concurrent Cycle
[2020-10-25T00:46:02.827-0300][4342.096s][info   ][gc] GC(115) Pause Remark 117M->117M(128M) 1.915ms
[2020-10-25T00:46:02.898-0300][4342.167s][info   ][gc] GC(115) Pause Cleanup 117M->117M(128M) 0.303ms
[2020-10-25T00:46:02.899-0300][4342.168s][info   ][gc] GC(115) Concurrent Cycle 230.763ms
[2020-10-25T00:46:48.352-0300][4387.620s][info   ][gc] GC(116) Pause Young (Normal) (G1 Evacuation Pause) 122M->118M(128M) 13.469ms
[2020-10-25T00:47:32.265-0300][4431.532s][info   ][gc] GC(117) To-space exhausted
[2020-10-25T00:47:32.265-0300][4431.532s][info   ][gc] GC(117) Pause Young (Concurrent Start) (G1 Evacuation Pause) 123M->120M(128M) 16.897ms
[2020-10-25T00:47:32.265-0300][4431.533s][info   ][gc] GC(118) Concurrent Cycle
[2020-10-25T00:47:32.385-0300][4431.652s][info   ][gc] GC(118) Pause Remark 120M->120M(128M) 1.810ms
[2020-10-25T00:47:32.443-0300][4431.710s][info   ][gc] GC(118) Pause Cleanup 120M->120M(128M) 0.075ms
[2020-10-25T00:47:32.444-0300][4431.711s][info   ][gc] GC(118) Concurrent Cycle 178.174ms
[2020-10-25T00:48:14.198-0300][4473.464s][info   ][gc] GC(119) To-space exhausted
[2020-10-25T00:48:14.199-0300][4473.465s][info   ][gc] GC(119) Pause Young (Normal) (G1 Evacuation Pause) 125M->125M(128M) 21.832ms
[2020-10-25T00:48:14.342-0300][4473.608s][info   ][gc] GC(120) Pause Full (G1 Evacuation Pause) 125M->116M(128M) 143.875ms
[2020-10-25T00:49:03.798-0300][4523.062s][info   ][gc] GC(121) Pause Young (Concurrent Start) (G1 Evacuation Pause) 122M->117M(128M) 19.173ms
[2020-10-25T00:49:03.798-0300][4523.062s][info   ][gc] GC(122) Concurrent Cycle
[2020-10-25T00:49:03.989-0300][4523.254s][info   ][gc] GC(122) Pause Remark 118M->118M(128M) 1.196ms
[2020-10-25T00:49:04.070-0300][4523.335s][info   ][gc] GC(122) Pause Cleanup 118M->118M(128M) 0.158ms
[2020-10-25T00:49:04.071-0300][4523.336s][info   ][gc] GC(122) Concurrent Cycle 273.249ms
[2020-10-25T00:49:48.443-0300][4567.707s][info   ][gc] GC(123) Pause Young (Normal) (G1 Evacuation Pause) 122M->118M(128M) 14.866ms
[2020-10-25T00:50:35.512-0300][4614.775s][info   ][gc] GC(124) Pause Young (Concurrent Start) (G1 Evacuation Pause) 123M->119M(128M) 17.362ms
[2020-10-25T00:50:35.512-0300][4614.775s][info   ][gc] GC(125) Concurrent Cycle
[2020-10-25T00:50:35.703-0300][4614.966s][info   ][gc] GC(125) Pause Remark 119M->119M(128M) 3.564ms
[2020-10-25T00:50:35.784-0300][4615.046s][info   ][gc] GC(125) Pause Cleanup 119M->119M(128M) 0.126ms
[2020-10-25T00:50:35.785-0300][4615.047s][info   ][gc] GC(125) Concurrent Cycle 272.128ms
[2020-10-25T00:51:20.129-0300][4659.390s][info   ][gc] GC(126) Pause Young (Normal) (G1 Evacuation Pause) 124M->120M(128M) 14.774ms
[2020-10-25T00:52:06.571-0300][4705.831s][info   ][gc] GC(127) To-space exhausted
[2020-10-25T00:52:06.571-0300][4705.831s][info   ][gc] GC(127) Pause Young (Concurrent Start) (G1 Evacuation Pause) 125M->121M(128M) 17.263ms
[2020-10-25T00:52:06.571-0300][4705.831s][info   ][gc] GC(128) Concurrent Cycle
[2020-10-25T00:52:06.739-0300][4705.999s][info   ][gc] GC(128) Pause Remark 121M->121M(128M) 1.805ms
[2020-10-25T00:52:06.813-0300][4706.074s][info   ][gc] GC(128) Pause Cleanup 121M->121M(128M) 0.218ms
[2020-10-25T00:52:06.814-0300][4706.075s][info   ][gc] GC(128) Concurrent Cycle 243.149ms
[2020-10-25T00:52:13.325-0300][4712.585s][info   ][gc] GC(129) Pause Young (Concurrent Start) (G1 Humongous Allocation) 122M->121M(128M) 13.420ms
[2020-10-25T00:52:13.325-0300][4712.585s][info   ][gc] GC(130) Concurrent Cycle
[2020-10-25T00:52:13.326-0300][4712.586s][info   ][gc] GC(131) Pause Young (Normal) (G1 Humongous Allocation) 121M->121M(128M) 0.940ms
[2020-10-25T00:52:13.326-0300][4712.586s][debug  ][gc] GC(132) Clear Next Bitmap 0.120ms
[2020-10-25T00:52:13.448-0300][4712.709s][info   ][gc] GC(132) Pause Full (G1 Humongous Allocation) 121M->118M(128M) 122.320ms
[2020-10-25T00:52:13.562-0300][4712.822s][info   ][gc] GC(133) Pause Full (G1 Humongous Allocation) 118M->118M(128M) 113.440ms
[2020-10-25T00:52:13.562-0300][4712.822s][info   ][gc] GC(130) Concurrent Cycle 237.239ms
