[2020-10-25T01:48:56.674-0300][0.004s][warning][gc] -XX:+PrintGCDetails is deprecated. Will use -Xlog:gc* instead.
[2020-10-25T01:48:56.681-0300][0.010s][info   ][gc] Using Parallel
[2020-10-25T01:49:13.729-0300][17.058s][info   ][gc] GC(0) Pause Young (Allocation Failure) 32M->13M(123M) 19.385ms
[2020-10-25T01:49:54.417-0300][57.746s][info   ][gc] GC(1) Pause Young (Allocation Failure) 45M->31M(123M) 37.582ms
[2020-10-25T01:51:09.537-0300][132.865s][info   ][gc] GC(2) Pause Young (Allocation Failure) 64M->55M(123M) 38.441ms
[2020-10-25T01:52:38.765-0300][222.091s][info   ][gc] GC(3) Pause Young (Allocation Failure) 88M->79M(123M) 40.216ms
[2020-10-25T01:52:38.907-0300][222.233s][info   ][gc] GC(4) Pause Full (Ergonomics) 79M->44M(123M) 141.748ms
[2020-10-25T01:55:29.713-0300][393.036s][info   ][gc] GC(5) Pause Young (Allocation Failure) 77M->60M(105M) 44.475ms
[2020-10-25T01:55:29.868-0300][393.191s][info   ][gc] GC(6) Pause Full (Ergonomics) 60M->52M(114M) 154.574ms
[2020-10-25T01:56:58.595-0300][481.917s][info   ][gc] GC(7) Pause Young (Allocation Failure) 82M->73M(114M) 15.366ms
[2020-10-25T01:56:58.746-0300][482.067s][info   ][gc] GC(8) Pause Full (Ergonomics) 73M->60M(114M) 150.330ms
[2020-10-25T01:58:32.826-0300][576.147s][info   ][gc] GC(9) Pause Young (Allocation Failure) 74M->66M(114M) 18.357ms
[2020-10-25T01:58:32.981-0300][576.301s][info   ][gc] GC(10) Pause Full (Ergonomics) 66M->63M(114M) 154.606ms
[2020-10-25T02:00:10.569-0300][673.888s][info   ][gc] GC(11) Pause Young (Allocation Failure) 77M->68M(114M) 17.750ms
[2020-10-25T02:00:10.732-0300][674.050s][info   ][gc] GC(12) Pause Full (Ergonomics) 68M->65M(114M) 162.488ms
[2020-10-25T02:01:55.077-0300][778.394s][info   ][gc] GC(13) Pause Young (Allocation Failure) 80M->70M(114M) 17.466ms
[2020-10-25T02:01:55.246-0300][778.563s][info   ][gc] GC(14) Pause Full (Ergonomics) 70M->68M(114M) 168.701ms
[2020-10-25T02:03:44.933-0300][888.249s][info   ][gc] GC(15) Pause Young (Allocation Failure) 82M->72M(114M) 18.715ms
[2020-10-25T02:03:45.111-0300][888.426s][info   ][gc] GC(16) Pause Full (Ergonomics) 72M->70M(114M) 177.484ms
[2020-10-25T02:05:32.129-0300][995.442s][info   ][gc] GC(17) Pause Young (Allocation Failure) 84M->74M(114M) 16.631ms
[2020-10-25T02:05:32.311-0300][995.625s][info   ][gc] GC(18) Pause Full (Ergonomics) 74M->72M(114M) 182.767ms
[2020-10-25T02:07:23.545-0300][1106.856s][info   ][gc] GC(19) Pause Full (Ergonomics) 86M->74M(114M) 189.101ms
[2020-10-25T02:09:19.647-0300][1222.976s][info   ][gc] GC(20) Pause Full (Ergonomics) 89M->76M(114M) 215.335ms
[2020-10-25T02:11:11.935-0300][1335.262s][info   ][gc] GC(21) Pause Full (Ergonomics) 90M->78M(114M) 195.840ms
[2020-10-25T02:12:29.745-0300][1413.070s][info   ][gc] GC(22) Pause Full (Ergonomics) 88M->79M(114M) 197.571ms
[2020-10-25T02:12:29.745-0300][1413.070s][info   ][gc] GC(23) Pause Young (Allocation Failure) 79M->79M(114M) 0.380ms
[2020-10-25T02:12:29.969-0300][1413.294s][info   ][gc] GC(24) Pause Full (Allocation Failure) 79M->79M(114M) 223.986ms
